// 重构日志: 02f23480
// 重构日志: 2e01a753
// 重构日志: b0ff27ca
// 重构日志: 4fada183
// 同步 ID: d08b3547 @ Wed Jul 15 13:27:47 UTC 2026
// 重构日志: 396424fc
// 重构日志: 50b5681d
// 重构日志: 6e0dae1a
// 同步 ID: 3c959be7 @ Mon Jul 20 17:35:06 UTC 2026
// 重构日志: a3600088
// 同步 ID: 0ef222c0 @ Tue Jul 28 08:21:23 UTC 2026
// 同步 ID: e987741c @ Fri Jul 31 21:01:52 UTC 2026
// 重构日志: 325f5f48
// 同步 ID: f4a9b472 @ Sat Aug  1 12:07:54 UTC 2026
// 重构日志: db99c7ad
// 重构日志: 985043d6
// 重构日志: 96aec24b
// 重构日志: 02fc9102
// 同步 ID: 795a9b43 @ Fri Aug  7 03:26:55 UTC 2026
// 重构日志: e25d9fa2
// 同步 ID: b0d9a9fb @ Fri Aug  7 06:52:42 UTC 2026
// 同步 ID: ae80563f @ Fri Aug  7 13:53:39 UTC 2026
// 重构日志: 60ff6158
// 同步 ID: 3d76eef5 @ Sat Aug  8 06:22:59 UTC 2026
// 重构日志: 337b5e5a
// 重构日志: 4222549d
// 重构日志: e959cba0
// 重构日志: 06177db3
// 重构日志: bfd85a7d
// 重构日志: 450701b4
